{"synthetic": false,
 "outputs": null,
 "log":
 [{"message":
   ".> ELAN=elan ELAN_HOME=/home/runner/.elan ELAN_TOOLCHAIN=leanprover/lean4:v4.22.0-rc3 LAKE=/home/runner/.elan/toolchains/leanprover--lean4---v4.22.0-rc3/bin/lake LAKE_HOME=/home/runner/.elan/toolchains/leanprover--lean4---v4.22.0-rc3 LAKE_PKG_URL_MAP={} LAKE_NO_CACHE=false LAKE_ARTIFACT_CACHE=false LAKE_CACHE_DIR=/home/runner/.elan/toolchains/leanprover--lean4---v4.22.0-rc3/lake/cache LEAN=/home/runner/.elan/toolchains/leanprover--lean4---v4.22.0-rc3/bin/lean LEAN_GITHASH=7c3ca70e29a0806bd4bfc62eae7084bbaf1a303d LEAN_SYSROOT=/home/runner/.elan/toolchains/leanprover--lean4---v4.22.0-rc3 LEAN_AR=/home/runner/.elan/toolchains/leanprover--lean4---v4.22.0-rc3/bin/llvm-ar LEAN_CC= LEAN_PATH=/home/runner/work/lean4crypto/lean4crypto/.lake/packages/batteries/.lake/build/lib/lean:/home/runner/work/lean4crypto/lean4crypto/.lake/packages/Qq/.lake/build/lib/lean:/home/runner/work/lean4crypto/lean4crypto/.lake/packages/aesop/.lake/build/lib/lean:/home/runner/work/lean4crypto/lean4crypto/.lake/packages/proofwidgets/.lake/build/lib/lean:/home/runner/work/lean4crypto/lean4crypto/.lake/packages/importGraph/.lake/build/lib/lean:/home/runner/work/lean4crypto/lean4crypto/.lake/packages/LeanSearchClient/.lake/build/lib/lean:/home/runner/work/lean4crypto/lean4crypto/.lake/packages/plausible/.lake/build/lib/lean:/home/runner/work/lean4crypto/lean4crypto/.lake/packages/mathlib/.lake/build/lib/lean:/home/runner/work/lean4crypto/lean4crypto/.lake/packages/MD4Lean/.lake/build/lib/lean:/home/runner/work/lean4crypto/lean4crypto/.lake/packages/BibtexQuery/.lake/build/lib/lean:/home/runner/work/lean4crypto/lean4crypto/.lake/packages/UnicodeBasic/.lake/build/lib/lean:/home/runner/work/lean4crypto/lean4crypto/.lake/packages/Cli/.lake/build/lib/lean:/home/runner/work/lean4crypto/lean4crypto/.lake/build/lib/lean:/home/runner/work/lean4crypto/lean4crypto/.lake/packages/doc-gen4/.lake/build/lib/lean:/home/runner/work/lean4crypto/lean4crypto/docbuild/.lake/build/lib/lean:/home/runner/.elan/toolchains/leanprover--lean4---v4.22.0-rc3/lib/lean LEAN_SRC_PATH=/home/runner/work/lean4crypto/lean4crypto/.lake/packages/batteries:/home/runner/work/lean4crypto/lean4crypto/.lake/packages/batteries:/home/runner/work/lean4crypto/lean4crypto/.lake/packages/Qq:/home/runner/work/lean4crypto/lean4crypto/.lake/packages/aesop:/home/runner/work/lean4crypto/lean4crypto/.lake/packages/aesop:/home/runner/work/lean4crypto/lean4crypto/.lake/packages/proofwidgets:/home/runner/work/lean4crypto/lean4crypto/.lake/packages/proofwidgets:/home/runner/work/lean4crypto/lean4crypto/.lake/packages/importGraph:/home/runner/work/lean4crypto/lean4crypto/.lake/packages/importGraph:/home/runner/work/lean4crypto/lean4crypto/.lake/packages/LeanSearchClient:/home/runner/work/lean4crypto/lean4crypto/.lake/packages/LeanSearchClient:/home/runner/work/lean4crypto/lean4crypto/.lake/packages/plausible:/home/runner/work/lean4crypto/lean4crypto/.lake/packages/plausible:/home/runner/work/lean4crypto/lean4crypto/.lake/packages/mathlib:/home/runner/work/lean4crypto/lean4crypto/.lake/packages/mathlib:/home/runner/work/lean4crypto/lean4crypto/.lake/packages/mathlib:/home/runner/work/lean4crypto/lean4crypto/.lake/packages/mathlib:/home/runner/work/lean4crypto/lean4crypto/.lake/packages/mathlib:/home/runner/work/lean4crypto/lean4crypto/.lake/packages/mathlib:/home/runner/work/lean4crypto/lean4crypto/.lake/packages/mathlib:/home/runner/work/lean4crypto/lean4crypto/.lake/packages/MD4Lean:/home/runner/work/lean4crypto/lean4crypto/.lake/packages/MD4Lean:/home/runner/work/lean4crypto/lean4crypto/.lake/packages/BibtexQuery:/home/runner/work/lean4crypto/lean4crypto/.lake/packages/UnicodeBasic:/home/runner/work/lean4crypto/lean4crypto/.lake/packages/UnicodeBasic:/home/runner/work/lean4crypto/lean4crypto/.lake/packages/Cli:/home/runner/work/lean4crypto/lean4crypto:/home/runner/work/lean4crypto/lean4crypto/.lake/packages/doc-gen4:/home/runner/.elan/toolchains/leanprover--lean4---v4.22.0-rc3/src/lean/lake PATH LD_LIBRARY_PATH=/home/runner/.elan/toolchains/leanprover--lean4---v4.22.0-rc3/lib/lean:/home/runner/.elan/toolchains/leanprover--lean4---v4.22.0-rc3/lib:/home/runner/work/lean4crypto/lean4crypto/docbuild/.lake/build/lib:/home/runner/work/lean4crypto/lean4crypto/.lake/packages/doc-gen4/.lake/build/lib:/home/runner/work/lean4crypto/lean4crypto/.lake/build/lib:/home/runner/work/lean4crypto/lean4crypto/.lake/packages/Cli/.lake/build/lib:/home/runner/work/lean4crypto/lean4crypto/.lake/packages/UnicodeBasic/.lake/build/lib:/home/runner/work/lean4crypto/lean4crypto/.lake/packages/BibtexQuery/.lake/build/lib:/home/runner/work/lean4crypto/lean4crypto/.lake/packages/MD4Lean/.lake/build/lib:/home/runner/work/lean4crypto/lean4crypto/.lake/packages/mathlib/.lake/build/lib:/home/runner/work/lean4crypto/lean4crypto/.lake/packages/plausible/.lake/build/lib:/home/runner/work/lean4crypto/lean4crypto/.lake/packages/LeanSearchClient/.lake/build/lib:/home/runner/work/lean4crypto/lean4crypto/.lake/packages/importGraph/.lake/build/lib:/home/runner/work/lean4crypto/lean4crypto/.lake/packages/proofwidgets/.lake/build/lib:/home/runner/work/lean4crypto/lean4crypto/.lake/packages/aesop/.lake/build/lib:/home/runner/work/lean4crypto/lean4crypto/.lake/packages/Qq/.lake/build/lib:/home/runner/work/lean4crypto/lean4crypto/.lake/packages/batteries/.lake/build/lib /home/runner/work/lean4crypto/lean4crypto/.lake/packages/doc-gen4/.lake/build/bin/doc-gen4 single --build /home/runner/work/lean4crypto/lean4crypto/docbuild/.lake/build Mathlib.Analysis.SpecialFunctions.Trigonometric.Angle https://github.com/leanprover-community/mathlib4/blob/d17cce22465368d5cc234fa6acdcb15cd640fa70/Mathlib/Analysis/SpecialFunctions/Trigonometric/Angle.lean",
   "level": "trace"}],
 "inputs":
 [["<collection>",
   [["/home/runner/work/lean4crypto/lean4crypto/docbuild/.lake/build/doc/Mathlib/Analysis/SpecialFunctions/Trigonometric/Basic.html",
     "16091273980060597567"],
    ["/home/runner/work/lean4crypto/lean4crypto/docbuild/.lake/build/doc/Mathlib/Analysis/Normed/Group/AddCircle.html",
     "14679811347938492359"],
    ["/home/runner/work/lean4crypto/lean4crypto/docbuild/.lake/build/doc/Mathlib/Algebra/CharZero/Quotient.html",
     "1379148073586993586"],
    ["/home/runner/work/lean4crypto/lean4crypto/docbuild/.lake/build/doc/Mathlib/Topology/Instances/Sign.html",
     "3129370316125973679"]]],
  ["/home/runner/work/lean4crypto/lean4crypto/docbuild/.lake/build/doc-data/references.json",
   "11893762902049086281"],
  ["/home/runner/work/lean4crypto/lean4crypto/.lake/packages/doc-gen4/.lake/build/bin/doc-gen4",
   "2517647361747078457"],
  ["Mathlib.Analysis.SpecialFunctions.Trigonometric.Angle:leanArts",
   "10148851655073829801"]],
 "depHash": "4742877569622450805"}