{"synthetic": false,
 "outputs": null,
 "log":
 [{"message":
   ".> ELAN=elan ELAN_HOME=/home/runner/.elan ELAN_TOOLCHAIN=leanprover/lean4:v4.22.0-rc3 LAKE=/home/runner/.elan/toolchains/leanprover--lean4---v4.22.0-rc3/bin/lake LAKE_HOME=/home/runner/.elan/toolchains/leanprover--lean4---v4.22.0-rc3 LAKE_PKG_URL_MAP={} LAKE_NO_CACHE=false LAKE_ARTIFACT_CACHE=false LAKE_CACHE_DIR=/home/runner/.elan/toolchains/leanprover--lean4---v4.22.0-rc3/lake/cache LEAN=/home/runner/.elan/toolchains/leanprover--lean4---v4.22.0-rc3/bin/lean LEAN_GITHASH=7c3ca70e29a0806bd4bfc62eae7084bbaf1a303d LEAN_SYSROOT=/home/runner/.elan/toolchains/leanprover--lean4---v4.22.0-rc3 LEAN_AR=/home/runner/.elan/toolchains/leanprover--lean4---v4.22.0-rc3/bin/llvm-ar LEAN_CC= LEAN_PATH=/home/runner/work/lean4crypto/lean4crypto/.lake/packages/batteries/.lake/build/lib/lean:/home/runner/work/lean4crypto/lean4crypto/.lake/packages/Qq/.lake/build/lib/lean:/home/runner/work/lean4crypto/lean4crypto/.lake/packages/aesop/.lake/build/lib/lean:/home/runner/work/lean4crypto/lean4crypto/.lake/packages/proofwidgets/.lake/build/lib/lean:/home/runner/work/lean4crypto/lean4crypto/.lake/packages/importGraph/.lake/build/lib/lean:/home/runner/work/lean4crypto/lean4crypto/.lake/packages/LeanSearchClient/.lake/build/lib/lean:/home/runner/work/lean4crypto/lean4crypto/.lake/packages/plausible/.lake/build/lib/lean:/home/runner/work/lean4crypto/lean4crypto/.lake/packages/mathlib/.lake/build/lib/lean:/home/runner/work/lean4crypto/lean4crypto/.lake/packages/MD4Lean/.lake/build/lib/lean:/home/runner/work/lean4crypto/lean4crypto/.lake/packages/BibtexQuery/.lake/build/lib/lean:/home/runner/work/lean4crypto/lean4crypto/.lake/packages/UnicodeBasic/.lake/build/lib/lean:/home/runner/work/lean4crypto/lean4crypto/.lake/packages/Cli/.lake/build/lib/lean:/home/runner/work/lean4crypto/lean4crypto/.lake/build/lib/lean:/home/runner/work/lean4crypto/lean4crypto/.lake/packages/doc-gen4/.lake/build/lib/lean:/home/runner/work/lean4crypto/lean4crypto/docbuild/.lake/build/lib/lean:/home/runner/.elan/toolchains/leanprover--lean4---v4.22.0-rc3/lib/lean LEAN_SRC_PATH=/home/runner/work/lean4crypto/lean4crypto/.lake/packages/batteries:/home/runner/work/lean4crypto/lean4crypto/.lake/packages/batteries:/home/runner/work/lean4crypto/lean4crypto/.lake/packages/Qq:/home/runner/work/lean4crypto/lean4crypto/.lake/packages/aesop:/home/runner/work/lean4crypto/lean4crypto/.lake/packages/aesop:/home/runner/work/lean4crypto/lean4crypto/.lake/packages/proofwidgets:/home/runner/work/lean4crypto/lean4crypto/.lake/packages/proofwidgets:/home/runner/work/lean4crypto/lean4crypto/.lake/packages/importGraph:/home/runner/work/lean4crypto/lean4crypto/.lake/packages/importGraph:/home/runner/work/lean4crypto/lean4crypto/.lake/packages/LeanSearchClient:/home/runner/work/lean4crypto/lean4crypto/.lake/packages/LeanSearchClient:/home/runner/work/lean4crypto/lean4crypto/.lake/packages/plausible:/home/runner/work/lean4crypto/lean4crypto/.lake/packages/plausible:/home/runner/work/lean4crypto/lean4crypto/.lake/packages/mathlib:/home/runner/work/lean4crypto/lean4crypto/.lake/packages/mathlib:/home/runner/work/lean4crypto/lean4crypto/.lake/packages/mathlib:/home/runner/work/lean4crypto/lean4crypto/.lake/packages/mathlib:/home/runner/work/lean4crypto/lean4crypto/.lake/packages/mathlib:/home/runner/work/lean4crypto/lean4crypto/.lake/packages/mathlib:/home/runner/work/lean4crypto/lean4crypto/.lake/packages/mathlib:/home/runner/work/lean4crypto/lean4crypto/.lake/packages/MD4Lean:/home/runner/work/lean4crypto/lean4crypto/.lake/packages/MD4Lean:/home/runner/work/lean4crypto/lean4crypto/.lake/packages/BibtexQuery:/home/runner/work/lean4crypto/lean4crypto/.lake/packages/UnicodeBasic:/home/runner/work/lean4crypto/lean4crypto/.lake/packages/UnicodeBasic:/home/runner/work/lean4crypto/lean4crypto/.lake/packages/Cli:/home/runner/work/lean4crypto/lean4crypto:/home/runner/work/lean4crypto/lean4crypto/.lake/packages/doc-gen4:/home/runner/.elan/toolchains/leanprover--lean4---v4.22.0-rc3/src/lean/lake PATH LD_LIBRARY_PATH=/home/runner/.elan/toolchains/leanprover--lean4---v4.22.0-rc3/lib/lean:/home/runner/.elan/toolchains/leanprover--lean4---v4.22.0-rc3/lib:/home/runner/work/lean4crypto/lean4crypto/docbuild/.lake/build/lib:/home/runner/work/lean4crypto/lean4crypto/.lake/packages/doc-gen4/.lake/build/lib:/home/runner/work/lean4crypto/lean4crypto/.lake/build/lib:/home/runner/work/lean4crypto/lean4crypto/.lake/packages/Cli/.lake/build/lib:/home/runner/work/lean4crypto/lean4crypto/.lake/packages/UnicodeBasic/.lake/build/lib:/home/runner/work/lean4crypto/lean4crypto/.lake/packages/BibtexQuery/.lake/build/lib:/home/runner/work/lean4crypto/lean4crypto/.lake/packages/MD4Lean/.lake/build/lib:/home/runner/work/lean4crypto/lean4crypto/.lake/packages/mathlib/.lake/build/lib:/home/runner/work/lean4crypto/lean4crypto/.lake/packages/plausible/.lake/build/lib:/home/runner/work/lean4crypto/lean4crypto/.lake/packages/LeanSearchClient/.lake/build/lib:/home/runner/work/lean4crypto/lean4crypto/.lake/packages/importGraph/.lake/build/lib:/home/runner/work/lean4crypto/lean4crypto/.lake/packages/proofwidgets/.lake/build/lib:/home/runner/work/lean4crypto/lean4crypto/.lake/packages/aesop/.lake/build/lib:/home/runner/work/lean4crypto/lean4crypto/.lake/packages/Qq/.lake/build/lib:/home/runner/work/lean4crypto/lean4crypto/.lake/packages/batteries/.lake/build/lib /home/runner/work/lean4crypto/lean4crypto/.lake/packages/doc-gen4/.lake/build/bin/doc-gen4 single --build /home/runner/work/lean4crypto/lean4crypto/docbuild/.lake/build Aesop.Search.Main https://github.com/leanprover-community/aesop/blob/a62ecd0343a2dcfbcac6d1e8243f5821879c0244/Aesop/Search/Main.lean",
   "level": "trace"}],
 "inputs":
 [["<collection>",
   [["/home/runner/work/lean4crypto/lean4crypto/docbuild/.lake/build/doc/Aesop/Check.html",
     "15943657758725521990"],
    ["/home/runner/work/lean4crypto/lean4crypto/docbuild/.lake/build/doc/Aesop/Options.html",
     "939797381381410581"],
    ["/home/runner/work/lean4crypto/lean4crypto/docbuild/.lake/build/doc/Aesop/RuleSet.html",
     "6620313811764764624"],
    ["/home/runner/work/lean4crypto/lean4crypto/docbuild/.lake/build/doc/Aesop/Script/Check.html",
     "2803122059533454939"],
    ["/home/runner/work/lean4crypto/lean4crypto/docbuild/.lake/build/doc/Aesop/Script/Main.html",
     "2765357783848134268"],
    ["/home/runner/work/lean4crypto/lean4crypto/docbuild/.lake/build/doc/Aesop/Search/Expansion.html",
     "16937868261262043118"],
    ["/home/runner/work/lean4crypto/lean4crypto/docbuild/.lake/build/doc/Aesop/Search/ExpandSafePrefix.html",
     "1358865181631159538"],
    ["/home/runner/work/lean4crypto/lean4crypto/docbuild/.lake/build/doc/Aesop/Search/Queue.html",
     "10512662326457806813"],
    ["/home/runner/work/lean4crypto/lean4crypto/docbuild/.lake/build/doc/Aesop/Tree.html",
     "8420788907990978675"],
    ["/home/runner/work/lean4crypto/lean4crypto/docbuild/.lake/build/doc/Aesop/Frontend/Extension.html",
     "3785693181208616187"]]],
  ["/home/runner/work/lean4crypto/lean4crypto/docbuild/.lake/build/doc-data/references.json",
   "11893762902049086281"],
  ["/home/runner/work/lean4crypto/lean4crypto/.lake/packages/doc-gen4/.lake/build/bin/doc-gen4",
   "2517647361747078457"],
  ["Aesop.Search.Main:leanArts", "17244042020362229707"]],
 "depHash": "15012871592022208556"}