{"synthetic": false,
 "outputs": null,
 "log":
 [{"message":
   ".> ELAN=elan ELAN_HOME=/home/runner/.elan ELAN_TOOLCHAIN=leanprover/lean4:v4.22.0-rc3 LAKE=/home/runner/.elan/toolchains/leanprover--lean4---v4.22.0-rc3/bin/lake LAKE_HOME=/home/runner/.elan/toolchains/leanprover--lean4---v4.22.0-rc3 LAKE_PKG_URL_MAP={} LAKE_NO_CACHE=false LAKE_ARTIFACT_CACHE=false LAKE_CACHE_DIR=/home/runner/.elan/toolchains/leanprover--lean4---v4.22.0-rc3/lake/cache LEAN=/home/runner/.elan/toolchains/leanprover--lean4---v4.22.0-rc3/bin/lean LEAN_GITHASH=7c3ca70e29a0806bd4bfc62eae7084bbaf1a303d LEAN_SYSROOT=/home/runner/.elan/toolchains/leanprover--lean4---v4.22.0-rc3 LEAN_AR=/home/runner/.elan/toolchains/leanprover--lean4---v4.22.0-rc3/bin/llvm-ar LEAN_CC= LEAN_PATH=/home/runner/work/lean4crypto/lean4crypto/.lake/packages/batteries/.lake/build/lib/lean:/home/runner/work/lean4crypto/lean4crypto/.lake/packages/Qq/.lake/build/lib/lean:/home/runner/work/lean4crypto/lean4crypto/.lake/packages/aesop/.lake/build/lib/lean:/home/runner/work/lean4crypto/lean4crypto/.lake/packages/proofwidgets/.lake/build/lib/lean:/home/runner/work/lean4crypto/lean4crypto/.lake/packages/importGraph/.lake/build/lib/lean:/home/runner/work/lean4crypto/lean4crypto/.lake/packages/LeanSearchClient/.lake/build/lib/lean:/home/runner/work/lean4crypto/lean4crypto/.lake/packages/plausible/.lake/build/lib/lean:/home/runner/work/lean4crypto/lean4crypto/.lake/packages/mathlib/.lake/build/lib/lean:/home/runner/work/lean4crypto/lean4crypto/.lake/packages/MD4Lean/.lake/build/lib/lean:/home/runner/work/lean4crypto/lean4crypto/.lake/packages/BibtexQuery/.lake/build/lib/lean:/home/runner/work/lean4crypto/lean4crypto/.lake/packages/UnicodeBasic/.lake/build/lib/lean:/home/runner/work/lean4crypto/lean4crypto/.lake/packages/Cli/.lake/build/lib/lean:/home/runner/work/lean4crypto/lean4crypto/.lake/build/lib/lean:/home/runner/work/lean4crypto/lean4crypto/.lake/packages/doc-gen4/.lake/build/lib/lean:/home/runner/work/lean4crypto/lean4crypto/docbuild/.lake/build/lib/lean:/home/runner/.elan/toolchains/leanprover--lean4---v4.22.0-rc3/lib/lean LEAN_SRC_PATH=/home/runner/work/lean4crypto/lean4crypto/.lake/packages/batteries:/home/runner/work/lean4crypto/lean4crypto/.lake/packages/batteries:/home/runner/work/lean4crypto/lean4crypto/.lake/packages/Qq:/home/runner/work/lean4crypto/lean4crypto/.lake/packages/aesop:/home/runner/work/lean4crypto/lean4crypto/.lake/packages/aesop:/home/runner/work/lean4crypto/lean4crypto/.lake/packages/proofwidgets:/home/runner/work/lean4crypto/lean4crypto/.lake/packages/proofwidgets:/home/runner/work/lean4crypto/lean4crypto/.lake/packages/importGraph:/home/runner/work/lean4crypto/lean4crypto/.lake/packages/importGraph:/home/runner/work/lean4crypto/lean4crypto/.lake/packages/LeanSearchClient:/home/runner/work/lean4crypto/lean4crypto/.lake/packages/LeanSearchClient:/home/runner/work/lean4crypto/lean4crypto/.lake/packages/plausible:/home/runner/work/lean4crypto/lean4crypto/.lake/packages/plausible:/home/runner/work/lean4crypto/lean4crypto/.lake/packages/mathlib:/home/runner/work/lean4crypto/lean4crypto/.lake/packages/mathlib:/home/runner/work/lean4crypto/lean4crypto/.lake/packages/mathlib:/home/runner/work/lean4crypto/lean4crypto/.lake/packages/mathlib:/home/runner/work/lean4crypto/lean4crypto/.lake/packages/mathlib:/home/runner/work/lean4crypto/lean4crypto/.lake/packages/mathlib:/home/runner/work/lean4crypto/lean4crypto/.lake/packages/mathlib:/home/runner/work/lean4crypto/lean4crypto/.lake/packages/MD4Lean:/home/runner/work/lean4crypto/lean4crypto/.lake/packages/MD4Lean:/home/runner/work/lean4crypto/lean4crypto/.lake/packages/BibtexQuery:/home/runner/work/lean4crypto/lean4crypto/.lake/packages/UnicodeBasic:/home/runner/work/lean4crypto/lean4crypto/.lake/packages/UnicodeBasic:/home/runner/work/lean4crypto/lean4crypto/.lake/packages/Cli:/home/runner/work/lean4crypto/lean4crypto:/home/runner/work/lean4crypto/lean4crypto/.lake/packages/doc-gen4:/home/runner/.elan/toolchains/leanprover--lean4---v4.22.0-rc3/src/lean/lake PATH LD_LIBRARY_PATH=/home/runner/.elan/toolchains/leanprover--lean4---v4.22.0-rc3/lib/lean:/home/runner/.elan/toolchains/leanprover--lean4---v4.22.0-rc3/lib:/home/runner/work/lean4crypto/lean4crypto/docbuild/.lake/build/lib:/home/runner/work/lean4crypto/lean4crypto/.lake/packages/doc-gen4/.lake/build/lib:/home/runner/work/lean4crypto/lean4crypto/.lake/build/lib:/home/runner/work/lean4crypto/lean4crypto/.lake/packages/Cli/.lake/build/lib:/home/runner/work/lean4crypto/lean4crypto/.lake/packages/UnicodeBasic/.lake/build/lib:/home/runner/work/lean4crypto/lean4crypto/.lake/packages/BibtexQuery/.lake/build/lib:/home/runner/work/lean4crypto/lean4crypto/.lake/packages/MD4Lean/.lake/build/lib:/home/runner/work/lean4crypto/lean4crypto/.lake/packages/mathlib/.lake/build/lib:/home/runner/work/lean4crypto/lean4crypto/.lake/packages/plausible/.lake/build/lib:/home/runner/work/lean4crypto/lean4crypto/.lake/packages/LeanSearchClient/.lake/build/lib:/home/runner/work/lean4crypto/lean4crypto/.lake/packages/importGraph/.lake/build/lib:/home/runner/work/lean4crypto/lean4crypto/.lake/packages/proofwidgets/.lake/build/lib:/home/runner/work/lean4crypto/lean4crypto/.lake/packages/aesop/.lake/build/lib:/home/runner/work/lean4crypto/lean4crypto/.lake/packages/Qq/.lake/build/lib:/home/runner/work/lean4crypto/lean4crypto/.lake/packages/batteries/.lake/build/lib /home/runner/work/lean4crypto/lean4crypto/.lake/packages/doc-gen4/.lake/build/bin/doc-gen4 single --build /home/runner/work/lean4crypto/lean4crypto/docbuild/.lake/build Mathlib.Tactic.ToAdditive.Frontend https://github.com/leanprover-community/mathlib4/blob/d17cce22465368d5cc234fa6acdcb15cd640fa70/Mathlib/Tactic/ToAdditive/Frontend.lean",
   "level": "trace"},
  {"message":
   "stdout:\nWARNING: Failed to calculate equational lemmata for ToAdditive.nameDict: (deterministic) timeout at `whnf`, maximum number of heartbeats (5000) has been reached\n\nNote: Use `set_option maxHeartbeats <num>` to set the limit.(invalid MessageData.lazy, missing context)\nWARNING: Failed to calculate equational lemmata for ToAdditive.fixAbbreviation: (deterministic) timeout at `whnf`, maximum number of heartbeats (200000) has been reached\n\nNote: Use `set_option maxHeartbeats <num>` to set the limit.(invalid MessageData.lazy, missing context)",
   "level": "info"}],
 "inputs":
 [["<collection>",
   [["/home/runner/work/lean4crypto/lean4crypto/docbuild/.lake/build/doc/Mathlib/Data/Nat/Notation.html",
     "8390998418098176334"],
    ["/home/runner/work/lean4crypto/lean4crypto/docbuild/.lake/build/doc/Mathlib/Data/String/Defs.html",
     "5565641464112448599"],
    ["/home/runner/work/lean4crypto/lean4crypto/docbuild/.lake/build/doc/Mathlib/Data/Array/Defs.html",
     "13499827415293172608"],
    ["/home/runner/work/lean4crypto/lean4crypto/docbuild/.lake/build/doc/Mathlib/Lean/Expr/ReplaceRec.html",
     "6551933052374818347"],
    ["/home/runner/work/lean4crypto/lean4crypto/docbuild/.lake/build/doc/Mathlib/Lean/EnvExtension.html",
     "5243181483907150499"],
    ["/home/runner/work/lean4crypto/lean4crypto/docbuild/.lake/build/doc/Mathlib/Lean/Meta/Simp.html",
     "16531488243461419013"],
    ["/home/runner/work/lean4crypto/lean4crypto/docbuild/.lake/build/doc/Mathlib/Lean/Name.html",
     "12731188973037208386"],
    ["/home/runner/work/lean4crypto/lean4crypto/docbuild/.lake/build/doc/Batteries/Lean/NameMapAttribute.html",
     "9322224116602470127"],
    ["/home/runner/work/lean4crypto/lean4crypto/docbuild/.lake/build/doc/Batteries/Tactic/Lint.html",
     "18252449861224901002"],
    ["/home/runner/work/lean4crypto/lean4crypto/docbuild/.lake/build/doc/Batteries/Tactic/Trans.html",
     "6897989652213502013"],
    ["/home/runner/work/lean4crypto/lean4crypto/docbuild/.lake/build/doc/Mathlib/Tactic/Eqns.html",
     "5128671286649722922"],
    ["/home/runner/work/lean4crypto/lean4crypto/docbuild/.lake/build/doc/Mathlib/Tactic/Simps/Basic.html",
     "10360109825566882548"]]],
  ["/home/runner/work/lean4crypto/lean4crypto/docbuild/.lake/build/doc-data/references.json",
   "11893762902049086281"],
  ["/home/runner/work/lean4crypto/lean4crypto/.lake/packages/doc-gen4/.lake/build/bin/doc-gen4",
   "2517647361747078457"],
  ["Mathlib.Tactic.ToAdditive.Frontend:leanArts", "7624854794557862998"]],
 "depHash": "6856570833827764808"}