{"synthetic": false,
 "outputs": null,
 "log":
 [{"message":
   ".> ELAN=elan ELAN_HOME=/home/runner/.elan ELAN_TOOLCHAIN=leanprover/lean4:v4.22.0-rc3 LAKE=/home/runner/.elan/toolchains/leanprover--lean4---v4.22.0-rc3/bin/lake LAKE_HOME=/home/runner/.elan/toolchains/leanprover--lean4---v4.22.0-rc3 LAKE_PKG_URL_MAP={} LAKE_NO_CACHE=false LAKE_ARTIFACT_CACHE=false LAKE_CACHE_DIR=/home/runner/.elan/toolchains/leanprover--lean4---v4.22.0-rc3/lake/cache LEAN=/home/runner/.elan/toolchains/leanprover--lean4---v4.22.0-rc3/bin/lean LEAN_GITHASH=7c3ca70e29a0806bd4bfc62eae7084bbaf1a303d LEAN_SYSROOT=/home/runner/.elan/toolchains/leanprover--lean4---v4.22.0-rc3 LEAN_AR=/home/runner/.elan/toolchains/leanprover--lean4---v4.22.0-rc3/bin/llvm-ar LEAN_CC= LEAN_PATH=/home/runner/work/lean4crypto/lean4crypto/.lake/packages/batteries/.lake/build/lib/lean:/home/runner/work/lean4crypto/lean4crypto/.lake/packages/Qq/.lake/build/lib/lean:/home/runner/work/lean4crypto/lean4crypto/.lake/packages/aesop/.lake/build/lib/lean:/home/runner/work/lean4crypto/lean4crypto/.lake/packages/proofwidgets/.lake/build/lib/lean:/home/runner/work/lean4crypto/lean4crypto/.lake/packages/importGraph/.lake/build/lib/lean:/home/runner/work/lean4crypto/lean4crypto/.lake/packages/LeanSearchClient/.lake/build/lib/lean:/home/runner/work/lean4crypto/lean4crypto/.lake/packages/plausible/.lake/build/lib/lean:/home/runner/work/lean4crypto/lean4crypto/.lake/packages/mathlib/.lake/build/lib/lean:/home/runner/work/lean4crypto/lean4crypto/.lake/packages/MD4Lean/.lake/build/lib/lean:/home/runner/work/lean4crypto/lean4crypto/.lake/packages/BibtexQuery/.lake/build/lib/lean:/home/runner/work/lean4crypto/lean4crypto/.lake/packages/UnicodeBasic/.lake/build/lib/lean:/home/runner/work/lean4crypto/lean4crypto/.lake/packages/Cli/.lake/build/lib/lean:/home/runner/work/lean4crypto/lean4crypto/.lake/build/lib/lean:/home/runner/work/lean4crypto/lean4crypto/.lake/packages/doc-gen4/.lake/build/lib/lean:/home/runner/work/lean4crypto/lean4crypto/docbuild/.lake/build/lib/lean:/home/runner/.elan/toolchains/leanprover--lean4---v4.22.0-rc3/lib/lean LEAN_SRC_PATH=/home/runner/work/lean4crypto/lean4crypto/.lake/packages/batteries:/home/runner/work/lean4crypto/lean4crypto/.lake/packages/batteries:/home/runner/work/lean4crypto/lean4crypto/.lake/packages/Qq:/home/runner/work/lean4crypto/lean4crypto/.lake/packages/aesop:/home/runner/work/lean4crypto/lean4crypto/.lake/packages/aesop:/home/runner/work/lean4crypto/lean4crypto/.lake/packages/proofwidgets:/home/runner/work/lean4crypto/lean4crypto/.lake/packages/proofwidgets:/home/runner/work/lean4crypto/lean4crypto/.lake/packages/importGraph:/home/runner/work/lean4crypto/lean4crypto/.lake/packages/importGraph:/home/runner/work/lean4crypto/lean4crypto/.lake/packages/LeanSearchClient:/home/runner/work/lean4crypto/lean4crypto/.lake/packages/LeanSearchClient:/home/runner/work/lean4crypto/lean4crypto/.lake/packages/plausible:/home/runner/work/lean4crypto/lean4crypto/.lake/packages/plausible:/home/runner/work/lean4crypto/lean4crypto/.lake/packages/mathlib:/home/runner/work/lean4crypto/lean4crypto/.lake/packages/mathlib:/home/runner/work/lean4crypto/lean4crypto/.lake/packages/mathlib:/home/runner/work/lean4crypto/lean4crypto/.lake/packages/mathlib:/home/runner/work/lean4crypto/lean4crypto/.lake/packages/mathlib:/home/runner/work/lean4crypto/lean4crypto/.lake/packages/mathlib:/home/runner/work/lean4crypto/lean4crypto/.lake/packages/mathlib:/home/runner/work/lean4crypto/lean4crypto/.lake/packages/MD4Lean:/home/runner/work/lean4crypto/lean4crypto/.lake/packages/MD4Lean:/home/runner/work/lean4crypto/lean4crypto/.lake/packages/BibtexQuery:/home/runner/work/lean4crypto/lean4crypto/.lake/packages/UnicodeBasic:/home/runner/work/lean4crypto/lean4crypto/.lake/packages/UnicodeBasic:/home/runner/work/lean4crypto/lean4crypto/.lake/packages/Cli:/home/runner/work/lean4crypto/lean4crypto:/home/runner/work/lean4crypto/lean4crypto/.lake/packages/doc-gen4:/home/runner/.elan/toolchains/leanprover--lean4---v4.22.0-rc3/src/lean/lake PATH LD_LIBRARY_PATH=/home/runner/.elan/toolchains/leanprover--lean4---v4.22.0-rc3/lib/lean:/home/runner/.elan/toolchains/leanprover--lean4---v4.22.0-rc3/lib:/home/runner/work/lean4crypto/lean4crypto/docbuild/.lake/build/lib:/home/runner/work/lean4crypto/lean4crypto/.lake/packages/doc-gen4/.lake/build/lib:/home/runner/work/lean4crypto/lean4crypto/.lake/build/lib:/home/runner/work/lean4crypto/lean4crypto/.lake/packages/Cli/.lake/build/lib:/home/runner/work/lean4crypto/lean4crypto/.lake/packages/UnicodeBasic/.lake/build/lib:/home/runner/work/lean4crypto/lean4crypto/.lake/packages/BibtexQuery/.lake/build/lib:/home/runner/work/lean4crypto/lean4crypto/.lake/packages/MD4Lean/.lake/build/lib:/home/runner/work/lean4crypto/lean4crypto/.lake/packages/mathlib/.lake/build/lib:/home/runner/work/lean4crypto/lean4crypto/.lake/packages/plausible/.lake/build/lib:/home/runner/work/lean4crypto/lean4crypto/.lake/packages/LeanSearchClient/.lake/build/lib:/home/runner/work/lean4crypto/lean4crypto/.lake/packages/importGraph/.lake/build/lib:/home/runner/work/lean4crypto/lean4crypto/.lake/packages/proofwidgets/.lake/build/lib:/home/runner/work/lean4crypto/lean4crypto/.lake/packages/aesop/.lake/build/lib:/home/runner/work/lean4crypto/lean4crypto/.lake/packages/Qq/.lake/build/lib:/home/runner/work/lean4crypto/lean4crypto/.lake/packages/batteries/.lake/build/lib /home/runner/work/lean4crypto/lean4crypto/.lake/packages/doc-gen4/.lake/build/bin/doc-gen4 single --build /home/runner/work/lean4crypto/lean4crypto/docbuild/.lake/build Mathlib.Tactic.Common https://github.com/leanprover-community/mathlib4/blob/d17cce22465368d5cc234fa6acdcb15cd640fa70/Mathlib/Tactic/Common.lean",
   "level": "trace"}],
 "inputs":
 [["<collection>",
   [["/home/runner/work/lean4crypto/lean4crypto/docbuild/.lake/build/doc/Aesop.html",
     "18017280116085961686"],
    ["/home/runner/work/lean4crypto/lean4crypto/docbuild/.lake/build/doc/Qq.html",
     "15111238567044344759"],
    ["/home/runner/work/lean4crypto/lean4crypto/docbuild/.lake/build/doc/Plausible.html",
     "6890647961421564510"],
    ["/home/runner/work/lean4crypto/lean4crypto/docbuild/.lake/build/doc/ImportGraph/Imports.html",
     "16444686871978951798"],
    ["/home/runner/work/lean4crypto/lean4crypto/docbuild/.lake/build/doc/Batteries/Tactic/Basic.html",
     "3525183765128557693"],
    ["/home/runner/work/lean4crypto/lean4crypto/docbuild/.lake/build/doc/Batteries/Tactic/Case.html",
     "2157652115418025479"],
    ["/home/runner/work/lean4crypto/lean4crypto/docbuild/.lake/build/doc/Batteries/Tactic/HelpCmd.html",
     "8055012318899778449"],
    ["/home/runner/work/lean4crypto/lean4crypto/docbuild/.lake/build/doc/LeanSearchClient.html",
     "3854356594497278949"],
    ["/home/runner/work/lean4crypto/lean4crypto/docbuild/.lake/build/doc/Mathlib/Tactic/Linter/Lint.html",
     "17812474509721853585"],
    ["/home/runner/work/lean4crypto/lean4crypto/docbuild/.lake/build/doc/Mathlib/Tactic/ApplyCongr.html",
     "16145470712865349272"],
    ["/home/runner/work/lean4crypto/lean4crypto/docbuild/.lake/build/doc/Mathlib/Tactic/ApplyAt.html",
     "11180530893382757995"],
    ["/home/runner/work/lean4crypto/lean4crypto/docbuild/.lake/build/doc/Mathlib/Tactic/ApplyWith.html",
     "7318963141413947856"],
    ["/home/runner/work/lean4crypto/lean4crypto/docbuild/.lake/build/doc/Mathlib/Tactic/Basic.html",
     "8437531159239393114"],
    ["/home/runner/work/lean4crypto/lean4crypto/docbuild/.lake/build/doc/Mathlib/Tactic/ByContra.html",
     "7900216284571440772"],
    ["/home/runner/work/lean4crypto/lean4crypto/docbuild/.lake/build/doc/Mathlib/Tactic/Cases.html",
     "5135057493411477110"],
    ["/home/runner/work/lean4crypto/lean4crypto/docbuild/.lake/build/doc/Mathlib/Tactic/CasesM.html",
     "8734809488208230441"],
    ["/home/runner/work/lean4crypto/lean4crypto/docbuild/.lake/build/doc/Mathlib/Tactic/Check.html",
     "4257733867258783816"],
    ["/home/runner/work/lean4crypto/lean4crypto/docbuild/.lake/build/doc/Mathlib/Tactic/Choose.html",
     "1690623792720297553"],
    ["/home/runner/work/lean4crypto/lean4crypto/docbuild/.lake/build/doc/Mathlib/Tactic/ClearExclamation.html",
     "6397844658297961940"],
    ["/home/runner/work/lean4crypto/lean4crypto/docbuild/.lake/build/doc/Mathlib/Tactic/ClearExcept.html",
     "479983087787087345"],
    ["/home/runner/work/lean4crypto/lean4crypto/docbuild/.lake/build/doc/Mathlib/Tactic/Clear_.html",
     "4133815768657579700"],
    ["/home/runner/work/lean4crypto/lean4crypto/docbuild/.lake/build/doc/Mathlib/Tactic/Coe.html",
     "7641665471331392275"],
    ["/home/runner/work/lean4crypto/lean4crypto/docbuild/.lake/build/doc/Mathlib/Tactic/CongrExclamation.html",
     "7920355642982475578"],
    ["/home/runner/work/lean4crypto/lean4crypto/docbuild/.lake/build/doc/Mathlib/Tactic/CongrM.html",
     "8207101814614953540"],
    ["/home/runner/work/lean4crypto/lean4crypto/docbuild/.lake/build/doc/Mathlib/Tactic/Constructor.html",
     "5930450731026063498"],
    ["/home/runner/work/lean4crypto/lean4crypto/docbuild/.lake/build/doc/Mathlib/Tactic/Contrapose.html",
     "11855092517163925588"],
    ["/home/runner/work/lean4crypto/lean4crypto/docbuild/.lake/build/doc/Mathlib/Tactic/Conv.html",
     "12391334136909647719"],
    ["/home/runner/work/lean4crypto/lean4crypto/docbuild/.lake/build/doc/Mathlib/Tactic/Convert.html",
     "17618873749351884229"],
    ["/home/runner/work/lean4crypto/lean4crypto/docbuild/.lake/build/doc/Mathlib/Tactic/DefEqTransformations.html",
     "18021382467635308701"],
    ["/home/runner/work/lean4crypto/lean4crypto/docbuild/.lake/build/doc/Mathlib/Tactic/DeprecateTo.html",
     "2714793671845340268"],
    ["/home/runner/work/lean4crypto/lean4crypto/docbuild/.lake/build/doc/Mathlib/Tactic/ErwQuestion.html",
     "9263023948738895586"],
    ["/home/runner/work/lean4crypto/lean4crypto/docbuild/.lake/build/doc/Mathlib/Tactic/Eqns.html",
     "5128671286649722922"],
    ["/home/runner/work/lean4crypto/lean4crypto/docbuild/.lake/build/doc/Mathlib/Tactic/ExistsI.html",
     "2782523905815122738"],
    ["/home/runner/work/lean4crypto/lean4crypto/docbuild/.lake/build/doc/Mathlib/Tactic/ExtractGoal.html",
     "11979648026261271004"],
    ["/home/runner/work/lean4crypto/lean4crypto/docbuild/.lake/build/doc/Mathlib/Tactic/FailIfNoProgress.html",
     "15395467512895132101"],
    ["/home/runner/work/lean4crypto/lean4crypto/docbuild/.lake/build/doc/Mathlib/Tactic/Find.html",
     "6061152553755517023"],
    ["/home/runner/work/lean4crypto/lean4crypto/docbuild/.lake/build/doc/Mathlib/Tactic/GCongr.html",
     "14334227516778726219"],
    ["/home/runner/work/lean4crypto/lean4crypto/docbuild/.lake/build/doc/Mathlib/Tactic/GRewrite.html",
     "11490562100233124493"],
    ["/home/runner/work/lean4crypto/lean4crypto/docbuild/.lake/build/doc/Mathlib/Tactic/GeneralizeProofs.html",
     "17452180877675621625"],
    ["/home/runner/work/lean4crypto/lean4crypto/docbuild/.lake/build/doc/Mathlib/Tactic/GuardGoalNums.html",
     "9965875015727787634"],
    ["/home/runner/work/lean4crypto/lean4crypto/docbuild/.lake/build/doc/Mathlib/Tactic/GuardHypNums.html",
     "2975480003766744423"],
    ["/home/runner/work/lean4crypto/lean4crypto/docbuild/.lake/build/doc/Mathlib/Tactic/HigherOrder.html",
     "10679210341510766480"],
    ["/home/runner/work/lean4crypto/lean4crypto/docbuild/.lake/build/doc/Mathlib/Tactic/Hint.html",
     "11766396353158892759"],
    ["/home/runner/work/lean4crypto/lean4crypto/docbuild/.lake/build/doc/Mathlib/Tactic/InferParam.html",
     "5078710945733755352"],
    ["/home/runner/work/lean4crypto/lean4crypto/docbuild/.lake/build/doc/Mathlib/Tactic/Inhabit.html",
     "13505515522780170799"],
    ["/home/runner/work/lean4crypto/lean4crypto/docbuild/.lake/build/doc/Mathlib/Tactic/IrreducibleDef.html",
     "8145412406693896587"],
    ["/home/runner/work/lean4crypto/lean4crypto/docbuild/.lake/build/doc/Mathlib/Tactic/Lift.html",
     "14767680139860017726"],
    ["/home/runner/work/lean4crypto/lean4crypto/docbuild/.lake/build/doc/Mathlib/Tactic/Linter.html",
     "1552335634382385790"],
    ["/home/runner/work/lean4crypto/lean4crypto/docbuild/.lake/build/doc/Mathlib/Tactic/MkIffOfInductiveProp.html",
     "4650454952596623213"],
    ["/home/runner/work/lean4crypto/lean4crypto/docbuild/.lake/build/doc/Mathlib/Tactic/NthRewrite.html",
     "8250655097493183765"],
    ["/home/runner/work/lean4crypto/lean4crypto/docbuild/.lake/build/doc/Mathlib/Tactic/Observe.html",
     "14522809159829188665"],
    ["/home/runner/work/lean4crypto/lean4crypto/docbuild/.lake/build/doc/Mathlib/Tactic/OfNat.html",
     "15297095966872026951"],
    ["/home/runner/work/lean4crypto/lean4crypto/docbuild/.lake/build/doc/Mathlib/Tactic/Propose.html",
     "8777221177860640686"],
    ["/home/runner/work/lean4crypto/lean4crypto/docbuild/.lake/build/doc/Mathlib/Tactic/Push.html",
     "16948550017447702589"],
    ["/home/runner/work/lean4crypto/lean4crypto/docbuild/.lake/build/doc/Mathlib/Tactic/RSuffices.html",
     "3294442058676138795"],
    ["/home/runner/work/lean4crypto/lean4crypto/docbuild/.lake/build/doc/Mathlib/Tactic/Recover.html",
     "4113102578216735300"],
    ["/home/runner/work/lean4crypto/lean4crypto/docbuild/.lake/build/doc/Mathlib/Tactic/Relation/Rfl.html",
     "2647782728510369742"],
    ["/home/runner/work/lean4crypto/lean4crypto/docbuild/.lake/build/doc/Mathlib/Tactic/Rename.html",
     "12585953394365837625"],
    ["/home/runner/work/lean4crypto/lean4crypto/docbuild/.lake/build/doc/Mathlib/Tactic/RenameBVar.html",
     "6252953552681707608"],
    ["/home/runner/work/lean4crypto/lean4crypto/docbuild/.lake/build/doc/Mathlib/Tactic/Says.html",
     "2946801843864598276"],
    ["/home/runner/work/lean4crypto/lean4crypto/docbuild/.lake/build/doc/Mathlib/Tactic/ScopedNS.html",
     "9736936012821967374"],
    ["/home/runner/work/lean4crypto/lean4crypto/docbuild/.lake/build/doc/Mathlib/Tactic/Set.html",
     "691233295764148224"],
    ["/home/runner/work/lean4crypto/lean4crypto/docbuild/.lake/build/doc/Mathlib/Tactic/SimpIntro.html",
     "1155019607383707551"],
    ["/home/runner/work/lean4crypto/lean4crypto/docbuild/.lake/build/doc/Mathlib/Tactic/SimpRw.html",
     "117527821699553563"],
    ["/home/runner/work/lean4crypto/lean4crypto/docbuild/.lake/build/doc/Mathlib/Tactic/Simps/Basic.html",
     "10360109825566882548"],
    ["/home/runner/work/lean4crypto/lean4crypto/docbuild/.lake/build/doc/Mathlib/Tactic/SplitIfs.html",
     "1848454542447620267"],
    ["/home/runner/work/lean4crypto/lean4crypto/docbuild/.lake/build/doc/Mathlib/Tactic/Spread.html",
     "2087749058024421043"],
    ["/home/runner/work/lean4crypto/lean4crypto/docbuild/.lake/build/doc/Mathlib/Tactic/Subsingleton.html",
     "643808863588005951"],
    ["/home/runner/work/lean4crypto/lean4crypto/docbuild/.lake/build/doc/Mathlib/Tactic/Substs.html",
     "11736952497931857716"],
    ["/home/runner/work/lean4crypto/lean4crypto/docbuild/.lake/build/doc/Mathlib/Tactic/SuccessIfFailWithMsg.html",
     "12886626982581466525"],
    ["/home/runner/work/lean4crypto/lean4crypto/docbuild/.lake/build/doc/Mathlib/Tactic/SudoSetOption.html",
     "1633113094451868626"],
    ["/home/runner/work/lean4crypto/lean4crypto/docbuild/.lake/build/doc/Mathlib/Tactic/SwapVar.html",
     "7330368144165648043"],
    ["/home/runner/work/lean4crypto/lean4crypto/docbuild/.lake/build/doc/Mathlib/Tactic/Tauto.html",
     "9236142331037723544"],
    ["/home/runner/work/lean4crypto/lean4crypto/docbuild/.lake/build/doc/Mathlib/Tactic/TermCongr.html",
     "6417001095925971133"],
    ["/home/runner/work/lean4crypto/lean4crypto/docbuild/.lake/build/doc/Mathlib/Tactic/ToExpr.html",
     "17331854618389240411"],
    ["/home/runner/work/lean4crypto/lean4crypto/docbuild/.lake/build/doc/Mathlib/Tactic/ToLevel.html",
     "3567218246643176390"],
    ["/home/runner/work/lean4crypto/lean4crypto/docbuild/.lake/build/doc/Mathlib/Tactic/Trace.html",
     "466343622712026389"],
    ["/home/runner/work/lean4crypto/lean4crypto/docbuild/.lake/build/doc/Mathlib/Tactic/TypeCheck.html",
     "5832449992506428501"],
    ["/home/runner/work/lean4crypto/lean4crypto/docbuild/.lake/build/doc/Mathlib/Tactic/UnsetOption.html",
     "13923458523222414404"],
    ["/home/runner/work/lean4crypto/lean4crypto/docbuild/.lake/build/doc/Mathlib/Tactic/Use.html",
     "18203195678829299801"],
    ["/home/runner/work/lean4crypto/lean4crypto/docbuild/.lake/build/doc/Mathlib/Tactic/Variable.html",
     "13221998607200582423"],
    ["/home/runner/work/lean4crypto/lean4crypto/docbuild/.lake/build/doc/Mathlib/Tactic/Widget/Calc.html",
     "10979408731367650397"],
    ["/home/runner/work/lean4crypto/lean4crypto/docbuild/.lake/build/doc/Mathlib/Tactic/Widget/CongrM.html",
     "2867344298940574534"],
    ["/home/runner/work/lean4crypto/lean4crypto/docbuild/.lake/build/doc/Mathlib/Tactic/Widget/Conv.html",
     "10271852265861029603"],
    ["/home/runner/work/lean4crypto/lean4crypto/docbuild/.lake/build/doc/Mathlib/Tactic/WLOG.html",
     "17848567091979786929"],
    ["/home/runner/work/lean4crypto/lean4crypto/docbuild/.lake/build/doc/Mathlib/Util/AssertExists.html",
     "17174647732190762488"],
    ["/home/runner/work/lean4crypto/lean4crypto/docbuild/.lake/build/doc/Mathlib/Util/CountHeartbeats.html",
     "10266558813361073607"],
    ["/home/runner/work/lean4crypto/lean4crypto/docbuild/.lake/build/doc/Mathlib/Util/TransImports.html",
     "15603104246620651341"],
    ["/home/runner/work/lean4crypto/lean4crypto/docbuild/.lake/build/doc/Mathlib/Util/WhatsNew.html",
     "15825112619910725909"]]],
  ["/home/runner/work/lean4crypto/lean4crypto/docbuild/.lake/build/doc-data/references.json",
   "11893762902049086281"],
  ["/home/runner/work/lean4crypto/lean4crypto/.lake/packages/doc-gen4/.lake/build/bin/doc-gen4",
   "2517647361747078457"],
  ["Mathlib.Tactic.Common:leanArts", "9902525281926071453"]],
 "depHash": "1681888216569421014"}