{"synthetic": false,
 "outputs": null,
 "log":
 [{"message":
   ".> ELAN=elan ELAN_HOME=/home/runner/.elan ELAN_TOOLCHAIN=leanprover/lean4:v4.22.0-rc3 LAKE=/home/runner/.elan/toolchains/leanprover--lean4---v4.22.0-rc3/bin/lake LAKE_HOME=/home/runner/.elan/toolchains/leanprover--lean4---v4.22.0-rc3 LAKE_PKG_URL_MAP={} LAKE_NO_CACHE=false LAKE_ARTIFACT_CACHE=false LAKE_CACHE_DIR=/home/runner/.elan/toolchains/leanprover--lean4---v4.22.0-rc3/lake/cache LEAN=/home/runner/.elan/toolchains/leanprover--lean4---v4.22.0-rc3/bin/lean LEAN_GITHASH=7c3ca70e29a0806bd4bfc62eae7084bbaf1a303d LEAN_SYSROOT=/home/runner/.elan/toolchains/leanprover--lean4---v4.22.0-rc3 LEAN_AR=/home/runner/.elan/toolchains/leanprover--lean4---v4.22.0-rc3/bin/llvm-ar LEAN_CC= LEAN_PATH=/home/runner/work/lean4crypto/lean4crypto/.lake/packages/batteries/.lake/build/lib/lean:/home/runner/work/lean4crypto/lean4crypto/.lake/packages/Qq/.lake/build/lib/lean:/home/runner/work/lean4crypto/lean4crypto/.lake/packages/aesop/.lake/build/lib/lean:/home/runner/work/lean4crypto/lean4crypto/.lake/packages/proofwidgets/.lake/build/lib/lean:/home/runner/work/lean4crypto/lean4crypto/.lake/packages/importGraph/.lake/build/lib/lean:/home/runner/work/lean4crypto/lean4crypto/.lake/packages/LeanSearchClient/.lake/build/lib/lean:/home/runner/work/lean4crypto/lean4crypto/.lake/packages/plausible/.lake/build/lib/lean:/home/runner/work/lean4crypto/lean4crypto/.lake/packages/mathlib/.lake/build/lib/lean:/home/runner/work/lean4crypto/lean4crypto/.lake/packages/MD4Lean/.lake/build/lib/lean:/home/runner/work/lean4crypto/lean4crypto/.lake/packages/BibtexQuery/.lake/build/lib/lean:/home/runner/work/lean4crypto/lean4crypto/.lake/packages/UnicodeBasic/.lake/build/lib/lean:/home/runner/work/lean4crypto/lean4crypto/.lake/packages/Cli/.lake/build/lib/lean:/home/runner/work/lean4crypto/lean4crypto/.lake/build/lib/lean:/home/runner/work/lean4crypto/lean4crypto/.lake/packages/doc-gen4/.lake/build/lib/lean:/home/runner/work/lean4crypto/lean4crypto/docbuild/.lake/build/lib/lean:/home/runner/.elan/toolchains/leanprover--lean4---v4.22.0-rc3/lib/lean LEAN_SRC_PATH=/home/runner/work/lean4crypto/lean4crypto/.lake/packages/batteries:/home/runner/work/lean4crypto/lean4crypto/.lake/packages/batteries:/home/runner/work/lean4crypto/lean4crypto/.lake/packages/Qq:/home/runner/work/lean4crypto/lean4crypto/.lake/packages/aesop:/home/runner/work/lean4crypto/lean4crypto/.lake/packages/aesop:/home/runner/work/lean4crypto/lean4crypto/.lake/packages/proofwidgets:/home/runner/work/lean4crypto/lean4crypto/.lake/packages/proofwidgets:/home/runner/work/lean4crypto/lean4crypto/.lake/packages/importGraph:/home/runner/work/lean4crypto/lean4crypto/.lake/packages/importGraph:/home/runner/work/lean4crypto/lean4crypto/.lake/packages/LeanSearchClient:/home/runner/work/lean4crypto/lean4crypto/.lake/packages/LeanSearchClient:/home/runner/work/lean4crypto/lean4crypto/.lake/packages/plausible:/home/runner/work/lean4crypto/lean4crypto/.lake/packages/plausible:/home/runner/work/lean4crypto/lean4crypto/.lake/packages/mathlib:/home/runner/work/lean4crypto/lean4crypto/.lake/packages/mathlib:/home/runner/work/lean4crypto/lean4crypto/.lake/packages/mathlib:/home/runner/work/lean4crypto/lean4crypto/.lake/packages/mathlib:/home/runner/work/lean4crypto/lean4crypto/.lake/packages/mathlib:/home/runner/work/lean4crypto/lean4crypto/.lake/packages/mathlib:/home/runner/work/lean4crypto/lean4crypto/.lake/packages/mathlib:/home/runner/work/lean4crypto/lean4crypto/.lake/packages/MD4Lean:/home/runner/work/lean4crypto/lean4crypto/.lake/packages/MD4Lean:/home/runner/work/lean4crypto/lean4crypto/.lake/packages/BibtexQuery:/home/runner/work/lean4crypto/lean4crypto/.lake/packages/UnicodeBasic:/home/runner/work/lean4crypto/lean4crypto/.lake/packages/UnicodeBasic:/home/runner/work/lean4crypto/lean4crypto/.lake/packages/Cli:/home/runner/work/lean4crypto/lean4crypto:/home/runner/work/lean4crypto/lean4crypto/.lake/packages/doc-gen4:/home/runner/.elan/toolchains/leanprover--lean4---v4.22.0-rc3/src/lean/lake PATH LD_LIBRARY_PATH=/home/runner/.elan/toolchains/leanprover--lean4---v4.22.0-rc3/lib/lean:/home/runner/.elan/toolchains/leanprover--lean4---v4.22.0-rc3/lib:/home/runner/work/lean4crypto/lean4crypto/docbuild/.lake/build/lib:/home/runner/work/lean4crypto/lean4crypto/.lake/packages/doc-gen4/.lake/build/lib:/home/runner/work/lean4crypto/lean4crypto/.lake/build/lib:/home/runner/work/lean4crypto/lean4crypto/.lake/packages/Cli/.lake/build/lib:/home/runner/work/lean4crypto/lean4crypto/.lake/packages/UnicodeBasic/.lake/build/lib:/home/runner/work/lean4crypto/lean4crypto/.lake/packages/BibtexQuery/.lake/build/lib:/home/runner/work/lean4crypto/lean4crypto/.lake/packages/MD4Lean/.lake/build/lib:/home/runner/work/lean4crypto/lean4crypto/.lake/packages/mathlib/.lake/build/lib:/home/runner/work/lean4crypto/lean4crypto/.lake/packages/plausible/.lake/build/lib:/home/runner/work/lean4crypto/lean4crypto/.lake/packages/LeanSearchClient/.lake/build/lib:/home/runner/work/lean4crypto/lean4crypto/.lake/packages/importGraph/.lake/build/lib:/home/runner/work/lean4crypto/lean4crypto/.lake/packages/proofwidgets/.lake/build/lib:/home/runner/work/lean4crypto/lean4crypto/.lake/packages/aesop/.lake/build/lib:/home/runner/work/lean4crypto/lean4crypto/.lake/packages/Qq/.lake/build/lib:/home/runner/work/lean4crypto/lean4crypto/.lake/packages/batteries/.lake/build/lib /home/runner/work/lean4crypto/lean4crypto/.lake/packages/doc-gen4/.lake/build/bin/doc-gen4 single --build /home/runner/work/lean4crypto/lean4crypto/docbuild/.lake/build Mathlib.Analysis.NormedSpace.HahnBanach.Separation https://github.com/leanprover-community/mathlib4/blob/d17cce22465368d5cc234fa6acdcb15cd640fa70/Mathlib/Analysis/NormedSpace/HahnBanach/Separation.lean",
   "level": "trace"}],
 "inputs":
 [["<collection>",
   [["/home/runner/work/lean4crypto/lean4crypto/docbuild/.lake/build/doc/Mathlib/Analysis/Convex/Cone/Extension.html",
     "17569048336498401313"],
    ["/home/runner/work/lean4crypto/lean4crypto/docbuild/.lake/build/doc/Mathlib/Analysis/Convex/Gauge.html",
     "14021437338351054208"],
    ["/home/runner/work/lean4crypto/lean4crypto/docbuild/.lake/build/doc/Mathlib/Topology/Algebra/Module/FiniteDimension.html",
     "9373269239983744100"],
    ["/home/runner/work/lean4crypto/lean4crypto/docbuild/.lake/build/doc/Mathlib/Topology/Algebra/Module/LocallyConvex.html",
     "17936958310186389991"],
    ["/home/runner/work/lean4crypto/lean4crypto/docbuild/.lake/build/doc/Mathlib/Topology/Algebra/MulAction.html",
     "2091784631707573517"],
    ["/home/runner/work/lean4crypto/lean4crypto/docbuild/.lake/build/doc/Mathlib/Analysis/RCLike/Basic.html",
     "11935298502220242843"],
    ["/home/runner/work/lean4crypto/lean4crypto/docbuild/.lake/build/doc/Mathlib/Analysis/NormedSpace/Extend.html",
     "16504822241009140074"]]],
  ["/home/runner/work/lean4crypto/lean4crypto/docbuild/.lake/build/doc-data/references.json",
   "11893762902049086281"],
  ["/home/runner/work/lean4crypto/lean4crypto/.lake/packages/doc-gen4/.lake/build/bin/doc-gen4",
   "2517647361747078457"],
  ["Mathlib.Analysis.NormedSpace.HahnBanach.Separation:leanArts",
   "12553405040258702119"]],
 "depHash": "13873409538669499208"}